// Jest Snapshot v1, https://goo.gl/fbAQLP

exports[`.not.toSatisfyAny fails when any value satisfies predicate 1`] = `
"<dim>expect(</><red>received</><dim>).not.toSatisfyAny(</><green>expected</><dim>)</>

Expected array to not satisfy predicate for any value:
  <green>[Function isOdd]</>
Received:
  <red>[1, 2, 3, 4]</>"
`;

exports[`.toSatisfyAny fails when all values do not satisfy the predicate 1`] = `
"<dim>expect(</><red>received</><dim>).toSatisfyAny(</><green>expected</><dim>)</>

Expected array to satisfy predicate for any value:
  <green>[Function isEven]</>
Received:
  <red>[1, 3, 7, 5]</>"
`;
